 gcc -I. -I/Users/paulscoder/personalrepos/docblockfail/ext -DPHP_ATOM_INC -I/Users/paulscoder/personalrepos/docblockfail/ext/include -I/Users/paulscoder/personalrepos/docblockfail/ext/main -I/Users/paulscoder/personalrepos/docblockfail/ext -I/usr/local/Cellar/php71/7.1.8_20/include/php -I/usr/local/Cellar/php71/7.1.8_20/include/php/main -I/usr/local/Cellar/php71/7.1.8_20/include/php/TSRM -I/usr/local/Cellar/php71/7.1.8_20/include/php/Zend -I/usr/local/Cellar/php71/7.1.8_20/include/php/ext -I/usr/local/Cellar/php71/7.1.8_20/include/php/ext/date/lib -DHAVE_CONFIG_H -O2 -fvisibility=hidden -Wparentheses -flto -DZEPHIR_RELEASE=1 -c /Users/paulscoder/personalrepos/docblockfail/ext/docblockfail/docblocktest.zep.c  -fno-common -DPIC -o docblockfail/.libs/docblocktest.o
/bin/sh /Users/paulscoder/personalrepos/docblockfail/ext/libtool --mode=compile gcc  -I. -I/Users/paulscoder/personalrepos/docblockfail/ext -DPHP_ATOM_INC -I/Users/paulscoder/personalrepos/docblockfail/ext/include -I/Users/paulscoder/personalrepos/docblockfail/ext/main -I/Users/paulscoder/personalrepos/docblockfail/ext -I/usr/local/Cellar/php71/7.1.8_20/include/php -I/usr/local/Cellar/php71/7.1.8_20/include/php/main -I/usr/local/Cellar/php71/7.1.8_20/include/php/TSRM -I/usr/local/Cellar/php71/7.1.8_20/include/php/Zend -I/usr/local/Cellar/php71/7.1.8_20/include/php/ext -I/usr/local/Cellar/php71/7.1.8_20/include/php/ext/date/lib  -DHAVE_CONFIG_H  -O2 -fvisibility=hidden -Wparentheses -flto -DZEPHIR_RELEASE=1   -c /Users/paulscoder/personalrepos/docblockfail/ext/docblockfail/docblocktest.zep.c -o docblockfail/docblocktest.lo 
 gcc -I. -I/Users/paulscoder/personalrepos/docblockfail/ext -DPHP_ATOM_INC -I/Users/paulscoder/personalrepos/docblockfail/ext/include -I/Users/paulscoder/personalrepos/docblockfail/ext/main -I/Users/paulscoder/personalrepos/docblockfail/ext -I/usr/local/Cellar/php71/7.1.8_20/include/php -I/usr/local/Cellar/php71/7.1.8_20/include/php/main -I/usr/local/Cellar/php71/7.1.8_20/include/php/TSRM -I/usr/local/Cellar/php71/7.1.8_20/include/php/Zend -I/usr/local/Cellar/php71/7.1.8_20/include/php/ext -I/usr/local/Cellar/php71/7.1.8_20/include/php/ext/date/lib -DHAVE_CONFIG_H -O2 -fvisibility=hidden -Wparentheses -flto -DZEPHIR_RELEASE=1 -c /Users/paulscoder/personalrepos/docblockfail/ext/docblockfail/docblocktest.zep.c  -fno-common -DPIC -o docblockfail/.libs/docblocktest.o
